// Jest Snapshot v1, https://goo.gl/fbAQLP

exports[`renders without crashing 1`] = `
ShallowWrapper {
  Symbol(enzyme.__root__): [Circular],
  Symbol(enzyme.__unrendered__): <List
    gifs={
      Array [
        Object {
          "caption": "happy very funny GIF by Disney Zootopia",
          "id": "3NtY188QaxDdC",
          "preview": "https://media3.giphy.com/media/3NtY188QaxDdC/giphy-preview.gif",
          "rating": 4,
          "slug": "3NtY188QaxDdC",
          "src": "https://media3.giphy.com/media/3NtY188QaxDdC/giphy.gif",
          "timeTrending": "2018-11-19 23:00:02",
        },
        Object {
          "caption": "bird no GIF by Cheezburger",
          "id": "g69ZPJfLy7hD2",
          "preview": "https://media3.giphy.com/media/g69ZPJfLy7hD2/giphy-preview.gif",
          "rating": 5,
          "slug": "cheezburger-no-bird-g69ZPJfLy7hD2",
          "src": "https://media3.giphy.com/media/g69ZPJfLy7hD2/giphy.gif",
          "timeTrending": "2017-08-19 22:45:01",
        },
      ]
    }
  />,
  Symbol(enzyme.__renderer__): Object {
    "batchedUpdates": [Function],
    "getNode": [Function],
    "render": [Function],
    "simulateError": [Function],
    "simulateEvent": [Function],
    "unmount": [Function],
  },
  Symbol(enzyme.__node__): Object {
    "instance": null,
    "key": undefined,
    "nodeType": "function",
    "props": Object {
      "children": Array [
        <div
          className="gallery"
        >
          <div
            className="imageContainer"
            onMouseEnter={[Function]}
            onMouseLeave={[Function]}
          >
            <a
              className="card"
              href="https://media3.giphy.com/media/3NtY188QaxDdC/giphy-preview.gif"
              onClick={[Function]}
            >
              <img
                alt=""
                src="https://media3.giphy.com/media/3NtY188QaxDdC/giphy-preview.gif"
              />
            </a>
            <div
              className="ratingContainer"
            >
              <Rating
                handleOnClick={[Function]}
                starsSelected={4}
                totalStars={5}
              />
            </div>
          </div>
          <div
            className="imageContainer"
            onMouseEnter={[Function]}
            onMouseLeave={[Function]}
          >
            <a
              className="card"
              href="https://media3.giphy.com/media/g69ZPJfLy7hD2/giphy-preview.gif"
              onClick={[Function]}
            >
              <img
                alt=""
                src="https://media3.giphy.com/media/g69ZPJfLy7hD2/giphy-preview.gif"
              />
            </a>
            <div
              className="ratingContainer"
            >
              <Rating
                handleOnClick={[Function]}
                starsSelected={5}
                totalStars={5}
              />
            </div>
          </div>
        </div>,
        <Lightbox
          closeButtonTitle="Close (Esc)"
          currentImage={0}
          enableKeyboardInput={true}
          imageCountSeparator=" of "
          images={
            Array [
              Object {
                "caption": "happy very funny GIF by Disney Zootopia",
                "id": "3NtY188QaxDdC",
                "preview": "https://media3.giphy.com/media/3NtY188QaxDdC/giphy-preview.gif",
                "rating": 4,
                "slug": "3NtY188QaxDdC",
                "src": "https://media3.giphy.com/media/3NtY188QaxDdC/giphy.gif",
                "timeTrending": "2018-11-19 23:00:02",
              },
              Object {
                "caption": "bird no GIF by Cheezburger",
                "id": "g69ZPJfLy7hD2",
                "preview": "https://media3.giphy.com/media/g69ZPJfLy7hD2/giphy-preview.gif",
                "rating": 5,
                "slug": "cheezburger-no-bird-g69ZPJfLy7hD2",
                "src": "https://media3.giphy.com/media/g69ZPJfLy7hD2/giphy.gif",
                "timeTrending": "2017-08-19 22:45:01",
              },
            ]
          }
          isOpen={false}
          leftArrowTitle="Previous (Left arrow key)"
          onClickImage={[Function]}
          onClickNext={[Function]}
          onClickPrev={[Function]}
          onClickShowNextImage={true}
          onClose={[Function]}
          preloadNextImage={true}
          preventScroll={true}
          rightArrowTitle="Next (Right arrow key)"
          showCloseButton={true}
          showImageCount={true}
          spinner={[Function]}
          spinnerColor="white"
          spinnerSize={100}
          theme={Object {}}
          thumbnailOffset={2}
          width={1024}
        />,
      ],
    },
    "ref": null,
    "rendered": Array [
      Object {
        "instance": null,
        "key": undefined,
        "nodeType": "host",
        "props": Object {
          "children": Array [
            <div
              className="imageContainer"
              onMouseEnter={[Function]}
              onMouseLeave={[Function]}
            >
              <a
                className="card"
                href="https://media3.giphy.com/media/3NtY188QaxDdC/giphy-preview.gif"
                onClick={[Function]}
              >
                <img
                  alt=""
                  src="https://media3.giphy.com/media/3NtY188QaxDdC/giphy-preview.gif"
                />
              </a>
              <div
                className="ratingContainer"
              >
                <Rating
                  handleOnClick={[Function]}
                  starsSelected={4}
                  totalStars={5}
                />
              </div>
            </div>,
            <div
              className="imageContainer"
              onMouseEnter={[Function]}
              onMouseLeave={[Function]}
            >
              <a
                className="card"
                href="https://media3.giphy.com/media/g69ZPJfLy7hD2/giphy-preview.gif"
                onClick={[Function]}
              >
                <img
                  alt=""
                  src="https://media3.giphy.com/media/g69ZPJfLy7hD2/giphy-preview.gif"
                />
              </a>
              <div
                className="ratingContainer"
              >
                <Rating
                  handleOnClick={[Function]}
                  starsSelected={5}
                  totalStars={5}
                />
              </div>
            </div>,
          ],
          "className": "gallery",
        },
        "ref": null,
        "rendered": Array [
          Object {
            "instance": null,
            "key": "0",
            "nodeType": "host",
            "props": Object {
              "children": Array [
                <a
                  className="card"
                  href="https://media3.giphy.com/media/3NtY188QaxDdC/giphy-preview.gif"
                  onClick={[Function]}
                >
                  <img
                    alt=""
                    src="https://media3.giphy.com/media/3NtY188QaxDdC/giphy-preview.gif"
                  />
                </a>,
                <div
                  className="ratingContainer"
                >
                  <Rating
                    handleOnClick={[Function]}
                    starsSelected={4}
                    totalStars={5}
                  />
                </div>,
              ],
              "className": "imageContainer",
              "onMouseEnter": [Function],
              "onMouseLeave": [Function],
            },
            "ref": null,
            "rendered": Array [
              Object {
                "instance": null,
                "key": "0",
                "nodeType": "host",
                "props": Object {
                  "children": <img
                    alt=""
                    src="https://media3.giphy.com/media/3NtY188QaxDdC/giphy-preview.gif"
                  />,
                  "className": "card",
                  "href": "https://media3.giphy.com/media/3NtY188QaxDdC/giphy-preview.gif",
                  "onClick": [Function],
                },
                "ref": null,
                "rendered": Object {
                  "instance": null,
                  "key": undefined,
                  "nodeType": "host",
                  "props": Object {
                    "alt": "",
                    "src": "https://media3.giphy.com/media/3NtY188QaxDdC/giphy-preview.gif",
                  },
                  "ref": null,
                  "rendered": null,
                  "type": "img",
                },
                "type": "a",
              },
              Object {
                "instance": null,
                "key": undefined,
                "nodeType": "host",
                "props": Object {
                  "children": <Rating
                    handleOnClick={[Function]}
                    starsSelected={4}
                    totalStars={5}
                  />,
                  "className": "ratingContainer",
                },
                "ref": null,
                "rendered": Object {
                  "instance": null,
                  "key": undefined,
                  "nodeType": "class",
                  "props": Object {
                    "handleOnClick": [Function],
                    "starsSelected": 4,
                    "totalStars": 5,
                  },
                  "ref": null,
                  "rendered": null,
                  "type": [Function],
                },
                "type": "div",
              },
            ],
            "type": "div",
          },
          Object {
            "instance": null,
            "key": "1",
            "nodeType": "host",
            "props": Object {
              "children": Array [
                <a
                  className="card"
                  href="https://media3.giphy.com/media/g69ZPJfLy7hD2/giphy-preview.gif"
                  onClick={[Function]}
                >
                  <img
                    alt=""
                    src="https://media3.giphy.com/media/g69ZPJfLy7hD2/giphy-preview.gif"
                  />
                </a>,
                <div
                  className="ratingContainer"
                >
                  <Rating
                    handleOnClick={[Function]}
                    starsSelected={5}
                    totalStars={5}
                  />
                </div>,
              ],
              "className": "imageContainer",
              "onMouseEnter": [Function],
              "onMouseLeave": [Function],
            },
            "ref": null,
            "rendered": Array [
              Object {
                "instance": null,
                "key": "1",
                "nodeType": "host",
                "props": Object {
                  "children": <img
                    alt=""
                    src="https://media3.giphy.com/media/g69ZPJfLy7hD2/giphy-preview.gif"
                  />,
                  "className": "card",
                  "href": "https://media3.giphy.com/media/g69ZPJfLy7hD2/giphy-preview.gif",
                  "onClick": [Function],
                },
                "ref": null,
                "rendered": Object {
                  "instance": null,
                  "key": undefined,
                  "nodeType": "host",
                  "props": Object {
                    "alt": "",
                    "src": "https://media3.giphy.com/media/g69ZPJfLy7hD2/giphy-preview.gif",
                  },
                  "ref": null,
                  "rendered": null,
                  "type": "img",
                },
                "type": "a",
              },
              Object {
                "instance": null,
                "key": undefined,
                "nodeType": "host",
                "props": Object {
                  "children": <Rating
                    handleOnClick={[Function]}
                    starsSelected={5}
                    totalStars={5}
                  />,
                  "className": "ratingContainer",
                },
                "ref": null,
                "rendered": Object {
                  "instance": null,
                  "key": undefined,
                  "nodeType": "class",
                  "props": Object {
                    "handleOnClick": [Function],
                    "starsSelected": 5,
                    "totalStars": 5,
                  },
                  "ref": null,
                  "rendered": null,
                  "type": [Function],
                },
                "type": "div",
              },
            ],
            "type": "div",
          },
        ],
        "type": "div",
      },
      Object {
        "instance": null,
        "key": undefined,
        "nodeType": "class",
        "props": Object {
          "closeButtonTitle": "Close (Esc)",
          "currentImage": 0,
          "enableKeyboardInput": true,
          "imageCountSeparator": " of ",
          "images": Array [
            Object {
              "caption": "happy very funny GIF by Disney Zootopia",
              "id": "3NtY188QaxDdC",
              "preview": "https://media3.giphy.com/media/3NtY188QaxDdC/giphy-preview.gif",
              "rating": 4,
              "slug": "3NtY188QaxDdC",
              "src": "https://media3.giphy.com/media/3NtY188QaxDdC/giphy.gif",
              "timeTrending": "2018-11-19 23:00:02",
            },
            Object {
              "caption": "bird no GIF by Cheezburger",
              "id": "g69ZPJfLy7hD2",
              "preview": "https://media3.giphy.com/media/g69ZPJfLy7hD2/giphy-preview.gif",
              "rating": 5,
              "slug": "cheezburger-no-bird-g69ZPJfLy7hD2",
              "src": "https://media3.giphy.com/media/g69ZPJfLy7hD2/giphy.gif",
              "timeTrending": "2017-08-19 22:45:01",
            },
          ],
          "isOpen": false,
          "leftArrowTitle": "Previous (Left arrow key)",
          "onClickImage": [Function],
          "onClickNext": [Function],
          "onClickPrev": [Function],
          "onClickShowNextImage": true,
          "onClose": [Function],
          "preloadNextImage": true,
          "preventScroll": true,
          "rightArrowTitle": "Next (Right arrow key)",
          "showCloseButton": true,
          "showImageCount": true,
          "spinner": [Function],
          "spinnerColor": "white",
          "spinnerSize": 100,
          "theme": Object {},
          "thumbnailOffset": 2,
          "width": 1024,
        },
        "ref": null,
        "rendered": null,
        "type": [Function],
      },
    ],
    "type": Symbol(react.fragment),
  },
  Symbol(enzyme.__nodes__): Array [
    Object {
      "instance": null,
      "key": undefined,
      "nodeType": "function",
      "props": Object {
        "children": Array [
          <div
            className="gallery"
          >
            <div
              className="imageContainer"
              onMouseEnter={[Function]}
              onMouseLeave={[Function]}
            >
              <a
                className="card"
                href="https://media3.giphy.com/media/3NtY188QaxDdC/giphy-preview.gif"
                onClick={[Function]}
              >
                <img
                  alt=""
                  src="https://media3.giphy.com/media/3NtY188QaxDdC/giphy-preview.gif"
                />
              </a>
              <div
                className="ratingContainer"
              >
                <Rating
                  handleOnClick={[Function]}
                  starsSelected={4}
                  totalStars={5}
                />
              </div>
            </div>
            <div
              className="imageContainer"
              onMouseEnter={[Function]}
              onMouseLeave={[Function]}
            >
              <a
                className="card"
                href="https://media3.giphy.com/media/g69ZPJfLy7hD2/giphy-preview.gif"
                onClick={[Function]}
              >
                <img
                  alt=""
                  src="https://media3.giphy.com/media/g69ZPJfLy7hD2/giphy-preview.gif"
                />
              </a>
              <div
                className="ratingContainer"
              >
                <Rating
                  handleOnClick={[Function]}
                  starsSelected={5}
                  totalStars={5}
                />
              </div>
            </div>
          </div>,
          <Lightbox
            closeButtonTitle="Close (Esc)"
            currentImage={0}
            enableKeyboardInput={true}
            imageCountSeparator=" of "
            images={
              Array [
                Object {
                  "caption": "happy very funny GIF by Disney Zootopia",
                  "id": "3NtY188QaxDdC",
                  "preview": "https://media3.giphy.com/media/3NtY188QaxDdC/giphy-preview.gif",
                  "rating": 4,
                  "slug": "3NtY188QaxDdC",
                  "src": "https://media3.giphy.com/media/3NtY188QaxDdC/giphy.gif",
                  "timeTrending": "2018-11-19 23:00:02",
                },
                Object {
                  "caption": "bird no GIF by Cheezburger",
                  "id": "g69ZPJfLy7hD2",
                  "preview": "https://media3.giphy.com/media/g69ZPJfLy7hD2/giphy-preview.gif",
                  "rating": 5,
                  "slug": "cheezburger-no-bird-g69ZPJfLy7hD2",
                  "src": "https://media3.giphy.com/media/g69ZPJfLy7hD2/giphy.gif",
                  "timeTrending": "2017-08-19 22:45:01",
                },
              ]
            }
            isOpen={false}
            leftArrowTitle="Previous (Left arrow key)"
            onClickImage={[Function]}
            onClickNext={[Function]}
            onClickPrev={[Function]}
            onClickShowNextImage={true}
            onClose={[Function]}
            preloadNextImage={true}
            preventScroll={true}
            rightArrowTitle="Next (Right arrow key)"
            showCloseButton={true}
            showImageCount={true}
            spinner={[Function]}
            spinnerColor="white"
            spinnerSize={100}
            theme={Object {}}
            thumbnailOffset={2}
            width={1024}
          />,
        ],
      },
      "ref": null,
      "rendered": Array [
        Object {
          "instance": null,
          "key": undefined,
          "nodeType": "host",
          "props": Object {
            "children": Array [
              <div
                className="imageContainer"
                onMouseEnter={[Function]}
                onMouseLeave={[Function]}
              >
                <a
                  className="card"
                  href="https://media3.giphy.com/media/3NtY188QaxDdC/giphy-preview.gif"
                  onClick={[Function]}
                >
                  <img
                    alt=""
                    src="https://media3.giphy.com/media/3NtY188QaxDdC/giphy-preview.gif"
                  />
                </a>
                <div
                  className="ratingContainer"
                >
                  <Rating
                    handleOnClick={[Function]}
                    starsSelected={4}
                    totalStars={5}
                  />
                </div>
              </div>,
              <div
                className="imageContainer"
                onMouseEnter={[Function]}
                onMouseLeave={[Function]}
              >
                <a
                  className="card"
                  href="https://media3.giphy.com/media/g69ZPJfLy7hD2/giphy-preview.gif"
                  onClick={[Function]}
                >
                  <img
                    alt=""
                    src="https://media3.giphy.com/media/g69ZPJfLy7hD2/giphy-preview.gif"
                  />
                </a>
                <div
                  className="ratingContainer"
                >
                  <Rating
                    handleOnClick={[Function]}
                    starsSelected={5}
                    totalStars={5}
                  />
                </div>
              </div>,
            ],
            "className": "gallery",
          },
          "ref": null,
          "rendered": Array [
            Object {
              "instance": null,
              "key": "0",
              "nodeType": "host",
              "props": Object {
                "children": Array [
                  <a
                    className="card"
                    href="https://media3.giphy.com/media/3NtY188QaxDdC/giphy-preview.gif"
                    onClick={[Function]}
                  >
                    <img
                      alt=""
                      src="https://media3.giphy.com/media/3NtY188QaxDdC/giphy-preview.gif"
                    />
                  </a>,
                  <div
                    className="ratingContainer"
                  >
                    <Rating
                      handleOnClick={[Function]}
                      starsSelected={4}
                      totalStars={5}
                    />
                  </div>,
                ],
                "className": "imageContainer",
                "onMouseEnter": [Function],
                "onMouseLeave": [Function],
              },
              "ref": null,
              "rendered": Array [
                Object {
                  "instance": null,
                  "key": "0",
                  "nodeType": "host",
                  "props": Object {
                    "children": <img
                      alt=""
                      src="https://media3.giphy.com/media/3NtY188QaxDdC/giphy-preview.gif"
                    />,
                    "className": "card",
                    "href": "https://media3.giphy.com/media/3NtY188QaxDdC/giphy-preview.gif",
                    "onClick": [Function],
                  },
                  "ref": null,
                  "rendered": Object {
                    "instance": null,
                    "key": undefined,
                    "nodeType": "host",
                    "props": Object {
                      "alt": "",
                      "src": "https://media3.giphy.com/media/3NtY188QaxDdC/giphy-preview.gif",
                    },
                    "ref": null,
                    "rendered": null,
                    "type": "img",
                  },
                  "type": "a",
                },
                Object {
                  "instance": null,
                  "key": undefined,
                  "nodeType": "host",
                  "props": Object {
                    "children": <Rating
                      handleOnClick={[Function]}
                      starsSelected={4}
                      totalStars={5}
                    />,
                    "className": "ratingContainer",
                  },
                  "ref": null,
                  "rendered": Object {
                    "instance": null,
                    "key": undefined,
                    "nodeType": "class",
                    "props": Object {
                      "handleOnClick": [Function],
                      "starsSelected": 4,
                      "totalStars": 5,
                    },
                    "ref": null,
                    "rendered": null,
                    "type": [Function],
                  },
                  "type": "div",
                },
              ],
              "type": "div",
            },
            Object {
              "instance": null,
              "key": "1",
              "nodeType": "host",
              "props": Object {
                "children": Array [
                  <a
                    className="card"
                    href="https://media3.giphy.com/media/g69ZPJfLy7hD2/giphy-preview.gif"
                    onClick={[Function]}
                  >
                    <img
                      alt=""
                      src="https://media3.giphy.com/media/g69ZPJfLy7hD2/giphy-preview.gif"
                    />
                  </a>,
                  <div
                    className="ratingContainer"
                  >
                    <Rating
                      handleOnClick={[Function]}
                      starsSelected={5}
                      totalStars={5}
                    />
                  </div>,
                ],
                "className": "imageContainer",
                "onMouseEnter": [Function],
                "onMouseLeave": [Function],
              },
              "ref": null,
              "rendered": Array [
                Object {
                  "instance": null,
                  "key": "1",
                  "nodeType": "host",
                  "props": Object {
                    "children": <img
                      alt=""
                      src="https://media3.giphy.com/media/g69ZPJfLy7hD2/giphy-preview.gif"
                    />,
                    "className": "card",
                    "href": "https://media3.giphy.com/media/g69ZPJfLy7hD2/giphy-preview.gif",
                    "onClick": [Function],
                  },
                  "ref": null,
                  "rendered": Object {
                    "instance": null,
                    "key": undefined,
                    "nodeType": "host",
                    "props": Object {
                      "alt": "",
                      "src": "https://media3.giphy.com/media/g69ZPJfLy7hD2/giphy-preview.gif",
                    },
                    "ref": null,
                    "rendered": null,
                    "type": "img",
                  },
                  "type": "a",
                },
                Object {
                  "instance": null,
                  "key": undefined,
                  "nodeType": "host",
                  "props": Object {
                    "children": <Rating
                      handleOnClick={[Function]}
                      starsSelected={5}
                      totalStars={5}
                    />,
                    "className": "ratingContainer",
                  },
                  "ref": null,
                  "rendered": Object {
                    "instance": null,
                    "key": undefined,
                    "nodeType": "class",
                    "props": Object {
                      "handleOnClick": [Function],
                      "starsSelected": 5,
                      "totalStars": 5,
                    },
                    "ref": null,
                    "rendered": null,
                    "type": [Function],
                  },
                  "type": "div",
                },
              ],
              "type": "div",
            },
          ],
          "type": "div",
        },
        Object {
          "instance": null,
          "key": undefined,
          "nodeType": "class",
          "props": Object {
            "closeButtonTitle": "Close (Esc)",
            "currentImage": 0,
            "enableKeyboardInput": true,
            "imageCountSeparator": " of ",
            "images": Array [
              Object {
                "caption": "happy very funny GIF by Disney Zootopia",
                "id": "3NtY188QaxDdC",
                "preview": "https://media3.giphy.com/media/3NtY188QaxDdC/giphy-preview.gif",
                "rating": 4,
                "slug": "3NtY188QaxDdC",
                "src": "https://media3.giphy.com/media/3NtY188QaxDdC/giphy.gif",
                "timeTrending": "2018-11-19 23:00:02",
              },
              Object {
                "caption": "bird no GIF by Cheezburger",
                "id": "g69ZPJfLy7hD2",
                "preview": "https://media3.giphy.com/media/g69ZPJfLy7hD2/giphy-preview.gif",
                "rating": 5,
                "slug": "cheezburger-no-bird-g69ZPJfLy7hD2",
                "src": "https://media3.giphy.com/media/g69ZPJfLy7hD2/giphy.gif",
                "timeTrending": "2017-08-19 22:45:01",
              },
            ],
            "isOpen": false,
            "leftArrowTitle": "Previous (Left arrow key)",
            "onClickImage": [Function],
            "onClickNext": [Function],
            "onClickPrev": [Function],
            "onClickShowNextImage": true,
            "onClose": [Function],
            "preloadNextImage": true,
            "preventScroll": true,
            "rightArrowTitle": "Next (Right arrow key)",
            "showCloseButton": true,
            "showImageCount": true,
            "spinner": [Function],
            "spinnerColor": "white",
            "spinnerSize": 100,
            "theme": Object {},
            "thumbnailOffset": 2,
            "width": 1024,
          },
          "ref": null,
          "rendered": null,
          "type": [Function],
        },
      ],
      "type": Symbol(react.fragment),
    },
  ],
  Symbol(enzyme.__options__): Object {
    "adapter": ReactSixteenAdapter {
      "options": Object {
        "enableComponentDidUpdateOnSetState": true,
        "lifecycles": Object {
          "componentDidUpdate": Object {
            "onSetState": true,
          },
          "getDerivedStateFromProps": true,
          "getSnapshotBeforeUpdate": true,
          "setState": Object {
            "skipsComponentDidUpdateOnNullish": true,
          },
        },
      },
    },
  },
}
`;
